[{"column_1":"r11","column_2":"r12","column_3":"r13","column_4":"r14","column_5":"r15"},{"column_1":"r21","column_2":"r22","column_3":"r23","column_4":"","column_5":"r25"}]